
> aegis-core-shield@0.1.0 test
> jest src/shared/main/stability.test.ts

  console.log
    [AEGIS Prime] Global Resonance for swarm-alpha: 1.00

      at StewardPrime.calculateGlobalResonance (src/shared/main/steward-prime.ts:91:21)

  console.log
    [AEGIS Prime] Global Resonance for swarm-alpha: 1.00

      at StewardPrime.calculateGlobalResonance (src/shared/main/steward-prime.ts:91:21)

  console.log
    [AEGIS Prime] Global Resonance for swarm-alpha: 0.25

      at StewardPrime.calculateGlobalResonance (src/shared/main/steward-prime.ts:91:21)

  console.log
    [AEGIS Prime] Adaptive Equilibrium: Multiplier modulated to 0.63 (Avg GRF: 0.25)

      at StewardPrime.updateGlobalPolicyThresholds (src/shared/main/steward-prime.ts:122:21)

  console.log
    [AEGIS Prime] Global Resonance for swarm-alpha: 1.00

      at StewardPrime.calculateGlobalResonance (src/shared/main/steward-prime.ts:91:21)

  console.log
    [AEGIS Prime] Global Resonance for swarm-alpha: 0.25

      at StewardPrime.calculateGlobalResonance (src/shared/main/steward-prime.ts:91:21)

  console.log
    [AEGIS Prime] Adaptive Equilibrium: Multiplier modulated to 0.63 (Avg GRF: 0.25)

      at StewardPrime.updateGlobalPolicyThresholds (src/shared/main/steward-prime.ts:122:21)

  console.log
    [AEGIS Prime] Global Resonance for swarm-alpha: 1.00

      at StewardPrime.calculateGlobalResonance (src/shared/main/steward-prime.ts:91:21)

  console.log
    [AEGIS Prime] Adaptive Equilibrium: Multiplier modulated to 1 (Avg GRF: 1.00)

      at StewardPrime.updateGlobalPolicyThresholds (src/shared/main/steward-prime.ts:122:21)

node.exe : FAIL src/sha
red/main/stability.test
.ts
At line:1 char:1
+ & "C:\Program 
Files\nodejs/node.exe" 
"C:\Program 
Files\nodejs/node_mo 
...
+ ~~~~~~~~~~~~~~~~~~~~~
~~~~~~~~~~~~~~~~~~~~~~~
~~~~~~~~~~~~~~~~~~~~~~~
~~
    + CategoryInfo     
         : NotSpecifi  
  ed: (FAIL src/shar   
 ed/main/stability.    
test.ts:String) []    
, RemoteException
    + FullyQualifiedEr 
   rorId : NativeComm  
  andError
 
  Sequence 3, Cycle 3: 
Equilibrium Stability 
Analysis
    √ records 
stability history 
accurately (33 ms)
    × tightens 
multiplier under 
pressure and logs the 
shift (10 ms)
    √ recovers policy 
multiplier when 
equilibrium is 
restored (6 ms)

  ● Sequence 3, Cycle 
3: Equilibrium 
Stability Analysis › 
tightens multiplier 
under pressure and 
logs the shift

    expect(received).to
Be(expected) // 
Object.is equality

    Expected: 0.625
    Received: 0.63

    [0m [90m 49 
|[39m         
[36mconst[39m 
crisisStatus 
[33m=[39m prime[33m.
[39mstabilityLog[prime
[33m.[39mstabilityLog
[33m.[39mlength 
[33m-[39m 
[35m1[39m][33m;[39m
     [90m 50 |[39m   
      expect(crisisStat
us[33m.[39mavgGRF)[3
3m.[39mtoBe([35m0.25
[39m)[33m;[39m
    [31m[1m>[22m[39
m[90m 51 |[39m       
  expect(crisisStatus[
33m.[39mmultiplier)[3
3m.[39mtoBe([35m0.625
[39m)[33m;[39m
     [90m    |[39m   
                       
               
[31m[1m^[22m[39m
     [90m 52 |[39m   
      expect(prime[33m
.[39mactivePolicy[33m
.[39mglobalThresholdMu
ltiplier)[33m.[39mtoB
e([35m0.625[39m)[33m
;[39m
     [90m 53 |[39m   
  })[33m;[39m
     [90m 54 
|[39m[0m

      at 
Object.<anonymous> (src
/shared/main/stability.
test.ts:51:41)

Test Suites: 1 failed, 
1 total
Tests:       1 failed, 
2 passed, 3 total
Snapshots:   0 total
Time:        2.136 s, 
estimated 3 s
Ran all test suites 
matching /src\\shared\\
main\\stability.test.ts
/i.
