
> aegis-core-shield@0.1.0 test
> jest src/shared/main/swarm-reflection.test.ts

  console.log
    [AEGIS Prime] Listening on port 8901

      at Server.<anonymous> (src/shared/main/steward-prime.ts:43:21)

  console.log
    [AEGIS Prime] Registered steward: undefined (Swarm: test-swarm)

      at StewardPrime.handleRequest (src/shared/main/steward-prime.ts:106:25)

node.exe : FAIL src/sha
red/main/swarm-reflecti
on.test.ts
At line:1 char:1
+ & "C:\Program 
Files\nodejs/node.exe" 
"C:\Program 
Files\nodejs/node_mo 
...
+ ~~~~~~~~~~~~~~~~~~~~~
~~~~~~~~~~~~~~~~~~~~~~~
~~~~~~~~~~~~~~~~~~~~~~~
~~
    + CategoryInfo     
         : NotSpecifi  
  ed: (FAIL src/shar   
 ed...lection.test.    
ts:String) [], Rem    
oteException
    + FullyQualifiedEr 
   rorId : NativeComm  
  andError
 
  Sequence 2, Cycle 5: 
Swarm-Wide Reflection
    × should trigger 
reflection on 
registered stewards 
via Prime /reflect (7 
ms)

  ● Sequence 2, Cycle 
5: Swarm-Wide 
Reflection › should 
trigger reflection on 
registered stewards 
via Prime /reflect

    expect(received).to
Be(expected) // 
Object.is equality

    Expected: "success"
    Received: "error"

    [0m [90m 60 
|[39m
     [90m 61 |[39m   
      expect(response[
33m.[39mevent)[33m.[
39mtoBe([32m'swarm_ref
lection_triggered'[39m
)[33m;[39m
    [31m[1m>[22m[39
m[90m 62 |[39m       
  expect(response[33m.
[39mresults[[35m0[39
m][33m.[39mstatus)[3
3m.[39mtoBe([32m'succ
ess'[39m)[33m;[39m
     [90m    |[39m   
                       
                  
[31m[1m^[22m[39m
     [90m 63 |[39m   
      expect(reflection
Received)[33m.[39mtoB
e([36mtrue[39m)[33m;
[39m
     [90m 64 |[39m   
  })[33m;[39m
     [90m 65 |[39m 
})[33m;[39m[0m

      at 
Object.<anonymous> (src
/shared/main/swarm-refl
ection.test.ts:62:44)

Test Suites: 1 failed, 
1 total
Tests:       1 failed, 
1 total
Snapshots:   0 total
Time:        1.654 s, 
estimated 2 s
Ran all test suites 
matching /src\\shared\\
main\\swarm-reflection.
test.ts/i.
